// Vitest Snapshot v1, https://vitest.dev/guide/snapshot.html

exports[`<Header /> > should match snapshot 1`] = `
<div
  class="css-1k27jlm"
  data-testid="header"
>
  <h2
    class="chakra-heading css-1dklj6k"
    data-testid="header-title"
  >
    web notes
  </h2>
  <div
    class="css-17xejub"
  />
  <button
    class="chakra-button css-ez23ye"
    data-testid="toggleTheme"
    type="button"
  >
    <svg
      data-testid="moonIcon"
      fill="currentColor"
      height="1em"
      stroke="currentColor"
      stroke-width="0"
      viewBox="0 0 512 512"
      width="1em"
      xmlns="http://www.w3.org/2000/svg"
    >
      <path
        d="M283.211 512c78.962 0 151.079-35.925 198.857-94.792 7.068-8.708-.639-21.43-11.562-19.35-124.203 23.654-238.262-71.576-238.262-196.954 0-72.222 38.662-138.635 101.498-174.394 9.686-5.512 7.25-20.197-3.756-22.23A258.156 258.156 0 0 0 283.211 0c-141.309 0-256 114.511-256 256 0 141.309 114.511 256 256 256z"
      />
    </svg>
  </button>
</div>
`;
